
===========================================================================
report_checks -unconstrained
===========================================================================
======================= Typical Corner ===================================

Startpoint: rst_n (input port clocked by clk)
Endpoint: _274_ (recovery check against rising-edge clock clk)
Path Group: asynchronous
Path Type: max

Fanout     Cap    Slew   Delay    Time   Description
-----------------------------------------------------------------------------
                  0.15    0.00    0.00   clock clk (rise edge)
                          0.00    0.00   clock network delay (ideal)
                          4.00    4.00 ^ input external delay
                  0.72    0.52    4.52 ^ rst_n (in)
    37    0.16                           rst_n (net)
                  0.72    0.00    4.52 ^ _274_/RESET_B (sky130_fd_sc_hd__dfrtp_2)
                                  4.52   data arrival time

                  0.15   20.00   20.00   clock clk (rise edge)
                          0.00   20.00   clock network delay (ideal)
                         -0.25   19.75   clock uncertainty
                          0.00   19.75   clock reconvergence pessimism
                                 19.75 ^ _274_/CLK (sky130_fd_sc_hd__dfrtp_2)
                          0.04   19.79   library recovery time
                                 19.79   data required time
-----------------------------------------------------------------------------
                                 19.79   data required time
                                 -4.52   data arrival time
-----------------------------------------------------------------------------
                                 15.27   slack (MET)


Startpoint: tx_start (input port clocked by clk)
Endpoint: _288_ (rising edge-triggered flip-flop clocked by clk)
Path Group: clk
Path Type: max

Fanout     Cap    Slew   Delay    Time   Description
-----------------------------------------------------------------------------
                  0.15    0.00    0.00   clock clk (rise edge)
                          0.00    0.00   clock network delay (ideal)
                          4.00    4.00 ^ input external delay
                  0.03    0.02    4.02 ^ tx_start (in)
     1    0.00                           tx_start (net)
                  0.03    0.00    4.02 ^ _216_/D_N (sky130_fd_sc_hd__or4b_2)
                  0.13    0.66    4.68 v _216_/X (sky130_fd_sc_hd__or4b_2)
     3    0.01                           _088_ (net)
                  0.13    0.00    4.68 v _223_/A (sky130_fd_sc_hd__buf_1)
                  0.23    0.29    4.97 v _223_/X (sky130_fd_sc_hd__buf_1)
    10    0.04                           _094_ (net)
                  0.23    0.00    4.97 v _234_/A1 (sky130_fd_sc_hd__a21oi_2)
                  0.40    0.45    5.42 ^ _234_/Y (sky130_fd_sc_hd__a21oi_2)
     8    0.03                           _102_ (net)
                  0.40    0.00    5.42 ^ _235_/S (sky130_fd_sc_hd__mux2_2)
                  0.05    0.40    5.82 v _235_/X (sky130_fd_sc_hd__mux2_2)
     1    0.00                           _103_ (net)
                  0.05    0.00    5.82 v _236_/A (sky130_fd_sc_hd__buf_1)
                  0.02    0.09    5.91 v _236_/X (sky130_fd_sc_hd__buf_1)
     1    0.00                           _027_ (net)
                  0.02    0.00    5.91 v _288_/D (sky130_fd_sc_hd__dfrtp_2)
                                  5.91   data arrival time

                  0.15   20.00   20.00   clock clk (rise edge)
                          0.00   20.00   clock network delay (ideal)
                         -0.25   19.75   clock uncertainty
                          0.00   19.75   clock reconvergence pessimism
                                 19.75 ^ _288_/CLK (sky130_fd_sc_hd__dfrtp_2)
                         -0.08   19.67   library setup time
                                 19.67   data required time
-----------------------------------------------------------------------------
                                 19.67   data required time
                                 -5.91   data arrival time
-----------------------------------------------------------------------------
                                 13.76   slack (MET)




===========================================================================
report_checks --slack_max -0.01
============================================================================
======================= Typical Corner ===================================

No paths found.


===========================================================================
 report_check_types -max_slew -max_cap -max_fanout -violators
============================================================================
======================= Typical Corner ===================================

max fanout

Pin                                   Limit Fanout  Slack
---------------------------------------------------------
rst_n                                    10     37    -27 (VIOLATED)



===========================================================================
report_parasitic_annotation -report_unannotated
============================================================================
Found 181 unannotated drivers.
 clk
 rst_n
 sleep
 tx_data[0]
 tx_data[1]
 tx_data[2]
 tx_data[3]
 tx_data[4]
 tx_data[5]
 tx_data[6]
 tx_data[7]
 tx_start
 _130_/X
 _131_/Y
 _132_/Y
 _133_/X
 _134_/Y
 _135_/X
 _136_/Y
 _137_/X
 _138_/X
 _139_/Y
 _140_/Y
 _141_/Y
 _142_/Y
 _143_/X
 _144_/X
 _145_/Y
 _146_/Y
 _147_/X
 _148_/X
 _149_/Y
 _150_/Y
 _151_/X
 _152_/Y
 _153_/X
 _154_/X
 _155_/Y
 _156_/Y
 _157_/X
 _158_/X
 _159_/X
 _160_/X
 _161_/X
 _162_/Y
 _163_/X
 _164_/X
 _165_/X
 _166_/X
 _167_/X
 _168_/X
 _169_/X
 _170_/X
 _171_/Y
 _172_/X
 _173_/X
 _174_/X
 _175_/Y
 _176_/X
 _177_/X
 _178_/X
 _179_/X
 _180_/Y
 _181_/X
 _182_/Y
 _183_/X
 _184_/X
 _185_/Y
 _186_/X
 _187_/X
 _188_/X
 _189_/X
 _190_/Y
 _191_/Y
 _192_/Y
 _193_/X
 _194_/X
 _195_/X
 _196_/Y
 _197_/X
 _198_/X
 _199_/Y
 _200_/X
 _201_/Y
 _202_/X
 _203_/Y
 _204_/X
 _205_/X
 _206_/Y
 _207_/X
 _208_/X
 _209_/Y
 _210_/X
 _211_/Y
 _212_/X
 _213_/X
 _214_/X
 _215_/Y
 _216_/X
 _217_/Y
 _218_/X
 _219_/X
 _220_/X
 _221_/Y
 _222_/Y
 _223_/X
 _224_/X
 _225_/X
 _226_/X
 _227_/Y
 _228_/X
 _229_/X
 _230_/X
 _231_/X
 _232_/X
 _233_/X
 _234_/Y
 _235_/X
 _236_/X
 _237_/X
 _238_/X
 _239_/X
 _240_/X
 _241_/X
 _242_/X
 _243_/X
 _244_/X
 _245_/X
 _246_/X
 _247_/X
 _248_/X
 _249_/X
 _250_/X
 _251_/X
 _252_/X
 _253_/X
 _254_/X
 _255_/Y
 _256_/Y
 _257_/X
 _258_/X
 _259_/Y
 _260_/X
 _261_/X
 _262_/Q
 _263_/Q
 _264_/Q
 _265_/Q
 _266_/Q
 _267_/Q
 _268_/Q
 _269_/Q
 _270_/Q
 _271_/Q
 _272_/Q
 _273_/Q
 _274_/Q
 _275_/Q
 _276_/Q
 _277_/Q
 _278_/Q
 _279_/Q
 _280_/Q
 _281_/Q
 _282_/Q
 _283_/Q
 _284_/Q
 _285_/Q
 _286_/Q
 _287_/Q
 _288_/Q
 _289_/Q
 _290_/Q
 _291_/Q
 _292_/Q
 _293_/Q
 _294_/Q
 _295_/Q
 _296_/Q
 _297_/Q
 _298_/Q
Found 0 partially unannotated drivers.

===========================================================================
max slew violation count 0
max fanout violation count 1
max cap violation count 0
============================================================================

===========================================================================
check_setup -verbose -unconstrained_endpoints -multiple_clock -no_clock -no_input_delay -loops -generated_clocks
===========================================================================
