Startpoint: _235_ (rising edge-triggered flip-flop clocked by clk)
Endpoint: _235_ (rising edge-triggered flip-flop clocked by clk)
Path Group: clk
Path Type: min

     Cap     Slew    Delay     Time   Description
---------------------------------------------------------------------------
            0.000    0.000    0.000   clock clk (rise edge)
                     0.000    0.000   clock network delay (ideal)
            0.000    0.000    0.000 ^ _235_/CLK (sky130_fd_sc_hd__dfxtp_1)
   0.008    0.050    0.297    0.297 v _235_/Q (sky130_fd_sc_hd__dfxtp_1)
            0.050    0.000    0.297 v _183_/A (sky130_fd_sc_hd__nand2_1)
   0.002    0.036    0.053    0.351 ^ _183_/Y (sky130_fd_sc_hd__nand2_1)
            0.036    0.000    0.351 ^ _185_/A1 (sky130_fd_sc_hd__a21oi_1)
   0.002    0.033    0.045    0.395 v _185_/Y (sky130_fd_sc_hd__a21oi_1)
            0.033    0.000    0.395 v _235_/D (sky130_fd_sc_hd__dfxtp_1)
                              0.395   data arrival time

            0.000    0.000    0.000   clock clk (rise edge)
                     0.000    0.000   clock network delay (ideal)
                     0.200    0.200   clock uncertainty
                     0.000    0.200   clock reconvergence pessimism
                              0.200 ^ _235_/CLK (sky130_fd_sc_hd__dfxtp_1)
                    -0.059    0.141   library hold time
                              0.141   data required time
---------------------------------------------------------------------------
                              0.141   data required time
                             -0.395   data arrival time
---------------------------------------------------------------------------
                              0.254   slack (MET)


