Instance name,  X location,  Y location,  Voltage 
input7, 72.01, 81.6, 6.7996e-05
FILLER_0_25_137, 72.01, 81.6, 6.7996e-05
FILLER_0_24_137, 72.01, 76.16, 6.80566e-05
FILLER_0_25_146, 72.01, 76.16, 6.80566e-05
FILLER_0_23_149, 72.01, 70.72, 7.20445e-05
FILLER_0_21_145, 72.01, 65.28, 7.78629e-05
FILLER_0_19_147, 72.01, 59.84, 6.67689e-05
hold11, 72.01, 54.4, 6.87837e-05
FILLER_0_16_137, 72.01, 54.4, 6.87837e-05
FILLER_0_17_149, 72.01, 54.4, 6.87837e-05
FILLER_0_15_149, 72.01, 48.96, 6.77961e-05
_201_, 72.01, 43.52, 6.04786e-05
_203_, 72.01, 43.52, 6.04786e-05
hold10, 72.01, 43.52, 6.04786e-05
hold14, 72.01, 43.52, 6.04786e-05
_198_, 72.01, 38.08, 6.74077e-05
_199_, 72.01, 38.08, 6.74077e-05
_204_, 72.01, 38.08, 6.74077e-05
FILLER_0_9_140, 72.01, 38.08, 6.74077e-05
FILLER_0_10_136, 72.01, 38.08, 6.74077e-05
FILLER_0_10_150, 72.01, 38.08, 6.74077e-05
_196_, 72.01, 32.64, 5.88741e-05
FILLER_0_7_144, 72.01, 32.64, 5.88741e-05
FILLER_0_9_148, 72.01, 32.64, 5.88741e-05
hold8, 72.01, 27.2, 6.90751e-05
_191_, 72.01, 21.76, 6.42121e-05
_194_, 72.01, 21.76, 6.42121e-05
_195_, 72.01, 21.76, 6.42121e-05
FILLER_0_4_141, 72.01, 21.76, 6.42121e-05
FILLER_0_3_148, 72.01, 16.32, 7.07688e-05
input2, 72.01, 10.88, 6.34402e-05
FILLER_0_0_141, 72.01, 10.88, 6.34402e-05
FILLER_0_1_145, 72.01, 10.88, 6.34402e-05
hold1, 53.955, 76.16, 7.03576e-05
_134_, 53.955, 70.72, 8.24466e-05
_152_, 53.955, 70.72, 8.24466e-05
_271_, 53.955, 70.72, 8.24466e-05
FILLER_0_21_101, 53.955, 70.72, 8.24466e-05
FILLER_0_23_106, 53.955, 70.72, 8.24466e-05
_137_, 53.955, 65.28, 8.94904e-05
_149_, 53.955, 65.28, 8.94904e-05
_153_, 53.955, 65.28, 8.94904e-05
_264_, 53.955, 65.28, 8.94904e-05
hold12, 53.955, 65.28, 8.94904e-05
FILLER_0_20_105, 53.955, 65.28, 8.94904e-05
_146_, 53.955, 59.84, 7.21324e-05
_151_, 53.955, 59.84, 7.21324e-05
FILLER_0_17_106, 53.955, 54.4, 7.63752e-05
FILLER_0_15_108, 53.955, 48.96, 8.27582e-05
FILLER_0_15_113, 53.955, 48.96, 8.27582e-05
_281_, 53.955, 43.52, 6.24581e-05
FILLER_0_11_104, 53.955, 43.52, 6.24581e-05
FILLER_0_13_113, 53.955, 43.52, 6.24581e-05
_177_, 53.955, 38.08, 8.24201e-05
clkbuf_2_3__f_clk, 53.955, 38.08, 8.24201e-05
FILLER_0_9_104, 53.955, 38.08, 8.24201e-05
FILLER_0_11_113, 53.955, 38.08, 8.24201e-05
_190_, 53.955, 32.64, 6.08012e-05
_211_, 53.955, 32.64, 6.08012e-05
_212_, 53.955, 32.64, 6.08012e-05
FILLER_0_9_113, 53.955, 32.64, 6.08012e-05
clkbuf_2_2__f_clk, 53.955, 27.2, 8.63351e-05
hold3, 53.955, 27.2, 8.63351e-05
FILLER_0_5_104, 53.955, 27.2, 8.63351e-05
FILLER_0_7_107, 53.955, 27.2, 8.63351e-05
_180_, 53.955, 21.76, 6.603e-05
_182_, 53.955, 21.76, 6.603e-05
_183_, 53.955, 21.76, 6.603e-05
_213_, 53.955, 21.76, 6.603e-05
FILLER_0_4_97, 53.955, 21.76, 6.603e-05
_186_, 53.955, 16.32, 7.7877e-05
_274_, 53.955, 16.32, 7.7877e-05
FILLER_0_3_109, 53.955, 16.32, 7.7877e-05
_187_, 53.955, 10.88, 6.60218e-05
FILLER_0_0_102, 53.955, 10.88, 6.60218e-05
FILLER_0_1_107, 53.955, 10.88, 6.60218e-05
_162_, 35.9, 76.16, 7.49086e-05
hold5, 35.9, 76.16, 7.49086e-05
FILLER_0_23_64, 35.9, 76.16, 7.49086e-05
FILLER_0_24_65, 35.9, 76.16, 7.49086e-05
_164_, 35.9, 70.72, 9.27456e-05
_166_, 35.9, 70.72, 9.27456e-05
_169_, 35.9, 70.72, 9.27456e-05
_268_, 35.9, 70.72, 9.27456e-05
hold9, 35.9, 70.72, 9.27456e-05
FILLER_0_22_64, 35.9, 70.72, 9.27456e-05
_155_, 35.9, 65.28, 8.7144e-05
_163_, 35.9, 65.28, 8.7144e-05
_165_, 35.9, 65.28, 8.7144e-05
_168_, 35.9, 65.28, 8.7144e-05
_269_, 35.9, 65.28, 8.7144e-05
FILLER_0_19_57, 35.9, 65.28, 8.7144e-05
FILLER_0_20_72, 35.9, 65.28, 8.7144e-05
_139_, 35.9, 59.84, 6.97348e-05
FILLER_0_17_57, 35.9, 59.84, 6.97348e-05
_133_, 35.9, 54.4, 8.45262e-05
_296_, 35.9, 54.4, 8.45262e-05
FILLER_0_16_75, 35.9, 54.4, 8.45262e-05
FILLER_0_17_75, 35.9, 54.4, 8.45262e-05
_258_, 35.9, 48.96, 0.000100325
_297_, 35.9, 48.96, 0.000100325
_215_, 35.9, 43.52, 5.66018e-05
_217_, 35.9, 43.52, 5.66018e-05
_261_, 35.9, 43.52, 5.66018e-05
_132_, 35.9, 38.08, 6.80094e-05
_223_, 35.9, 38.08, 6.80094e-05
_234_, 35.9, 38.08, 6.80094e-05
_247_, 35.9, 32.64, 5.99024e-05
FILLER_0_7_57, 35.9, 32.64, 5.99024e-05
FILLER_0_8_71, 35.9, 32.64, 5.99024e-05
FILLER_0_9_70, 35.9, 32.64, 5.99024e-05
_243_, 35.9, 27.2, 8.40383e-05
FILLER_0_5_57, 35.9, 27.2, 8.40383e-05
FILLER_0_6_75, 35.9, 27.2, 8.40383e-05
_246_, 35.9, 21.76, 6.76817e-05
_250_, 35.9, 21.76, 6.76817e-05
_253_, 35.9, 21.76, 6.76817e-05
_254_, 35.9, 21.76, 6.76817e-05
FILLER_0_4_57, 35.9, 21.76, 6.76817e-05
_249_, 35.9, 16.32, 8.29636e-05
_251_, 35.9, 16.32, 8.29636e-05
_293_, 35.9, 16.32, 8.29636e-05
_294_, 35.9, 16.32, 8.29636e-05
FILLER_0_1_57, 35.9, 16.32, 8.29636e-05
FILLER_0_25_18, 17.845, 81.6, 7.00371e-05
FILLER_0_25_29, 17.845, 76.16, 7.34856e-05
_266_, 17.845, 70.72, 9.15108e-05
fanout17, 17.845, 70.72, 9.15108e-05
FILLER_0_21_15, 17.845, 70.72, 9.15108e-05
FILLER_0_22_18, 17.845, 70.72, 9.15108e-05
FILLER_0_22_29, 17.845, 70.72, 9.15108e-05
_267_, 17.845, 65.28, 8.48662e-05
hold13, 17.845, 54.4, 8.91534e-05
_220_, 17.845, 48.96, 0.000107253
_225_, 17.845, 48.96, 0.000107253
_226_, 17.845, 48.96, 0.000107253
_228_, 17.845, 48.96, 0.000107253
FILLER_0_13_15, 17.845, 48.96, 0.000107253
FILLER_0_14_25, 17.845, 48.96, 0.000107253
FILLER_0_14_36, 17.845, 48.96, 0.000107253
_222_, 17.845, 43.52, 5.78038e-05
_227_, 17.845, 43.52, 5.78038e-05
_232_, 17.845, 43.52, 5.78038e-05
hold2, 17.845, 43.52, 5.78038e-05
FILLER_0_12_15, 17.845, 43.52, 5.78038e-05
FILLER_0_13_36, 17.845, 43.52, 5.78038e-05
_142_, 17.845, 38.08, 6.86372e-05
fanout15, 17.845, 38.08, 6.86372e-05
FILLER_0_10_29, 17.845, 38.08, 6.86372e-05
FILLER_0_11_33, 17.845, 38.08, 6.86372e-05
_140_, 17.845, 32.64, 7.08174e-05
_255_, 17.845, 32.64, 7.08174e-05
_257_, 17.845, 32.64, 7.08174e-05
hold6, 17.845, 32.64, 7.08174e-05
FILLER_0_8_15, 17.845, 32.64, 7.08174e-05
FILLER_0_8_25, 17.845, 32.64, 7.08174e-05
_235_, 17.845, 27.2, 0.000111703
_236_, 17.845, 27.2, 0.000111703
_291_, 17.845, 27.2, 0.000111703
clkbuf_2_0__f_clk, 17.845, 27.2, 0.000111703
FILLER_0_6_17, 17.845, 27.2, 0.000111703
FILLER_0_6_25, 17.845, 27.2, 0.000111703
FILLER_0_6_29, 17.845, 27.2, 0.000111703
_240_, 17.845, 21.76, 6.84874e-05
FILLER_0_4_29, 17.845, 21.76, 6.84874e-05
_239_, 17.845, 16.32, 8.85252e-05
_241_, 17.845, 16.32, 8.85252e-05
_242_, 17.845, 16.32, 8.85252e-05
_289_, 17.845, 16.32, 8.85252e-05
_290_, 17.845, 16.32, 8.85252e-05
FILLER_0_1_15, 17.845, 16.32, 8.85252e-05
FILLER_0_2_15, 17.845, 16.32, 8.85252e-05
_238_, 17.845, 10.88, 8.04883e-05
FILLER_0_0_21, 17.845, 10.88, 8.04883e-05
PHY_50, 5.52, 81.6, 7.00372e-05
PHY_51, 77.74, 81.6, 6.82404e-05
input6, 77.74, 81.6, 6.82404e-05
input1, 26.872, 81.6, 6.99554e-05
FILLER_0_25_81, 44.927, 81.6, 6.8936e-05
FILLER_0_25_85, 44.927, 81.6, 6.8936e-05
PHY_46, 5.52, 76.16, 7.38445e-05
PHY_48, 5.52, 76.16, 7.38445e-05
input10, 5.52, 76.16, 7.38445e-05
PHY_47, 77.74, 76.16, 6.80566e-05
PHY_49, 77.74, 76.16, 6.80566e-05
_156_, 26.872, 76.16, 7.6248e-05
hold15, 26.872, 76.16, 7.6248e-05
_170_, 44.927, 76.16, 7.27112e-05
output12, 44.927, 76.16, 7.27112e-05
FILLER_0_24_81, 44.927, 76.16, 7.27112e-05
FILLER_0_24_85, 44.927, 76.16, 7.27112e-05
FILLER_0_24_129, 62.982, 76.16, 6.92071e-05
PHY_42, 5.52, 70.72, 9.18633e-05
PHY_44, 5.52, 70.72, 9.18633e-05
input9, 5.52, 70.72, 9.18633e-05
PHY_43, 77.74, 70.72, 7.20446e-05
PHY_45, 77.74, 70.72, 7.20446e-05
_158_, 26.872, 70.72, 9.9683e-05
_161_, 26.872, 70.72, 9.9683e-05
_270_, 26.872, 70.72, 9.9683e-05
hold7, 26.872, 70.72, 9.9683e-05
_135_, 44.927, 70.72, 8.88545e-05
_171_, 44.927, 70.72, 8.88545e-05
fanout18, 44.927, 70.72, 8.88545e-05
FILLER_0_22_81, 44.927, 70.72, 8.88545e-05
FILLER_0_23_87, 44.927, 70.72, 8.88545e-05
FILLER_0_22_130, 62.982, 70.72, 7.72459e-05
PHY_38, 5.52, 65.28, 8.48662e-05
PHY_40, 5.52, 65.28, 8.48662e-05
PHY_39, 77.74, 65.28, 7.78629e-05
PHY_41, 77.74, 65.28, 7.78629e-05
_154_, 26.872, 65.28, 9.01146e-05
_157_, 26.872, 65.28, 9.01146e-05
_160_, 26.872, 65.28, 9.01146e-05
_138_, 44.927, 65.28, 8.91159e-05
_167_, 44.927, 65.28, 8.91159e-05
FILLER_0_20_91, 44.927, 65.28, 8.91159e-05
_150_, 62.982, 65.28, 8.90919e-05
_265_, 62.982, 65.28, 8.90919e-05
PHY_34, 5.52, 59.84, 6.88059e-05
PHY_36, 5.52, 59.84, 6.88059e-05
PHY_35, 77.74, 59.84, 6.67689e-05
PHY_37, 77.74, 59.84, 6.67689e-05
_136_, 26.872, 59.84, 7.06208e-05
_159_, 26.872, 59.84, 7.06208e-05
_143_, 44.927, 59.84, 7.46258e-05
_147_, 44.927, 59.84, 7.46258e-05
_148_, 44.927, 59.84, 7.46258e-05
FILLER_0_18_77, 44.927, 59.84, 7.46258e-05
FILLER_0_19_91, 44.927, 59.84, 7.46258e-05
_284_, 5.52, 54.4, 0.000113736
_285_, 5.52, 54.4, 0.000113736
PHY_30, 5.52, 54.4, 0.000113736
PHY_32, 5.52, 54.4, 0.000113736
FILLER_0_16_3, 5.52, 54.4, 0.000113736
FILLER_0_17_3, 5.52, 54.4, 0.000113736
PHY_31, 77.74, 54.4, 6.87837e-05
PHY_33, 77.74, 54.4, 6.87837e-05
_219_, 26.872, 54.4, 8.94194e-05
_298_, 26.872, 54.4, 8.94194e-05
FILLER_0_16_42, 26.872, 54.4, 8.94194e-05
FILLER_0_17_52, 26.872, 54.4, 8.94194e-05
_130_, 44.927, 54.4, 8.97339e-05
_145_, 44.927, 54.4, 8.97339e-05
_262_, 44.927, 54.4, 8.97339e-05
_263_, 44.927, 54.4, 8.97339e-05
FILLER_0_15_80, 44.927, 54.4, 8.97339e-05
_280_, 62.982, 54.4, 7.49878e-05
FILLER_0_16_129, 62.982, 54.4, 7.49878e-05
_229_, 5.52, 48.96, 0.000132747
_230_, 5.52, 48.96, 0.000132747
_286_, 5.52, 48.96, 0.000132747
PHY_26, 5.52, 48.96, 0.000132747
PHY_28, 5.52, 48.96, 0.000132747
output14, 5.52, 48.96, 0.000132747
FILLER_0_14_9, 5.52, 48.96, 0.000132747
PHY_27, 77.74, 48.96, 6.77962e-05
PHY_29, 77.74, 48.96, 6.77962e-05
FILLER_0_13_151, 77.74, 48.96, 6.77962e-05
_260_, 26.872, 48.96, 0.000121406
clkbuf_2_1__f_clk, 26.872, 48.96, 0.000121406
FILLER_0_15_48, 26.872, 48.96, 0.000121406
_144_, 44.927, 48.96, 0.000110741
clkbuf_0_clk, 44.927, 48.96, 0.000110741
_172_, 62.982, 48.96, 7.53303e-05
_205_, 62.982, 48.96, 7.53303e-05
_206_, 62.982, 48.96, 7.53303e-05
_207_, 62.982, 48.96, 7.53303e-05
_208_, 62.982, 48.96, 7.53303e-05
PHY_22, 5.52, 43.52, 5.78038e-05
PHY_24, 5.52, 43.52, 5.78038e-05
PHY_23, 77.74, 43.52, 6.04786e-05
PHY_25, 77.74, 43.52, 6.04786e-05
_218_, 26.872, 43.52, 5.8585e-05
_221_, 26.872, 43.52, 5.8585e-05
_224_, 26.872, 43.52, 5.8585e-05
_231_, 26.872, 43.52, 5.8585e-05
_259_, 26.872, 43.52, 5.8585e-05
FILLER_0_12_44, 26.872, 43.52, 5.8585e-05
_179_, 44.927, 43.52, 6.24975e-05
_273_, 44.927, 43.52, 6.24975e-05
fanout16, 44.927, 43.52, 6.24975e-05
FILLER_0_12_85, 44.927, 43.52, 6.24975e-05
_202_, 62.982, 43.52, 6.39278e-05
_210_, 62.982, 43.52, 6.39278e-05
_279_, 62.982, 43.52, 6.39278e-05
hold4, 62.982, 43.52, 6.39278e-05
_287_, 5.52, 38.08, 7.57353e-05
PHY_18, 5.52, 38.08, 7.57353e-05
PHY_20, 5.52, 38.08, 7.57353e-05
FILLER_0_11_3, 5.52, 38.08, 7.57353e-05
PHY_19, 77.74, 38.08, 6.7551e-05
PHY_21, 77.74, 38.08, 6.7551e-05
input11, 77.74, 38.08, 6.7551e-05
_141_, 26.872, 38.08, 7.07531e-05
_252_, 26.872, 38.08, 7.07531e-05
_256_, 26.872, 38.08, 7.07531e-05
_131_, 44.927, 38.08, 7.99333e-05
_176_, 44.927, 38.08, 7.99333e-05
_178_, 44.927, 38.08, 7.99333e-05
_181_, 44.927, 38.08, 7.99333e-05
_272_, 44.927, 38.08, 7.99333e-05
_200_, 62.982, 38.08, 7.73587e-05
_209_, 62.982, 38.08, 7.73587e-05
_278_, 62.982, 38.08, 7.73587e-05
_295_, 5.52, 32.64, 8.15767e-05
PHY_14, 5.52, 32.64, 8.15767e-05
PHY_16, 5.52, 32.64, 8.15767e-05
FILLER_0_9_3, 5.52, 32.64, 8.15767e-05
PHY_15, 77.74, 32.64, 5.88741e-05
PHY_17, 77.74, 32.64, 5.88741e-05
FILLER_0_9_48, 26.872, 32.64, 6.53602e-05
_175_, 44.927, 32.64, 6.15594e-05
_184_, 44.927, 32.64, 6.15594e-05
_216_, 44.927, 32.64, 6.15594e-05
_174_, 62.982, 32.64, 5.98617e-05
FILLER_0_8_130, 62.982, 32.64, 5.98617e-05
_288_, 5.52, 27.2, 0.000122757
PHY_10, 5.52, 27.2, 0.000122757
PHY_12, 5.52, 27.2, 0.000122757
FILLER_0_6_3, 5.52, 27.2, 0.000122757
FILLER_0_6_11, 5.52, 27.2, 0.000122757
FILLER_0_7_3, 5.52, 27.2, 0.000122757
PHY_11, 77.74, 27.2, 6.90751e-05
PHY_13, 77.74, 27.2, 6.90751e-05
FILLER_0_6_151, 77.74, 27.2, 6.90751e-05
_244_, 26.872, 27.2, 0.000104237
_245_, 26.872, 27.2, 0.000104237
_248_, 26.872, 27.2, 0.000104237
_292_, 26.872, 27.2, 0.000104237
FILLER_0_7_49, 26.872, 27.2, 0.000104237
_282_, 44.927, 27.2, 8.79764e-05
FILLER_0_6_85, 44.927, 27.2, 8.79764e-05
FILLER_0_7_95, 44.927, 27.2, 8.79764e-05
_173_, 62.982, 27.2, 7.77596e-05
_192_, 62.982, 27.2, 7.77596e-05
_197_, 62.982, 27.2, 7.77596e-05
FILLER_0_7_133, 62.982, 27.2, 7.77596e-05
PHY_6, 5.52, 21.76, 6.87163e-05
PHY_8, 5.52, 21.76, 6.87163e-05
input5, 5.52, 21.76, 6.87163e-05
FILLER_0_5_6, 5.52, 21.76, 6.87163e-05
PHY_7, 77.74, 21.76, 6.42121e-05
PHY_9, 77.74, 21.76, 6.42121e-05
_233_, 26.872, 21.76, 6.92347e-05
FILLER_0_5_52, 26.872, 21.76, 6.92347e-05
_185_, 62.982, 21.76, 6.75658e-05
_189_, 62.982, 21.76, 6.75658e-05
_193_, 62.982, 21.76, 6.75658e-05
_277_, 62.982, 21.76, 6.75658e-05
FILLER_0_3_123, 62.982, 21.76, 6.75658e-05
PHY_2, 5.52, 16.32, 8.85253e-05
PHY_4, 5.52, 16.32, 8.85253e-05
PHY_3, 77.74, 16.32, 7.07688e-05
PHY_5, 77.74, 16.32, 7.07688e-05
_237_, 26.872, 16.32, 8.6813e-05
FILLER_0_3_50, 26.872, 16.32, 8.6813e-05
_214_, 44.927, 16.32, 8.043e-05
FILLER_0_1_80, 44.927, 16.32, 8.043e-05
FILLER_0_2_85, 44.927, 16.32, 8.043e-05
FILLER_0_3_91, 44.927, 16.32, 8.043e-05
_188_, 62.982, 16.32, 7.94061e-05
_275_, 62.982, 16.32, 7.94061e-05
_276_, 62.982, 16.32, 7.94061e-05
PHY_0, 5.52, 10.88, 0.000100762
output13, 5.52, 10.88, 0.000100762
PHY_1, 77.74, 10.88, 6.36162e-05
input4, 77.74, 10.88, 6.36162e-05
input3, 26.872, 10.88, 7.46582e-05
FILLER_0_1_53, 26.872, 10.88, 7.46582e-05
_283_, 44.927, 10.88, 6.98444e-05
input8, 44.927, 10.88, 6.98444e-05
FILLER_0_0_81, 44.927, 10.88, 6.98444e-05
FILLER_0_0_125, 62.982, 10.88, 6.47311e-05
FILLER_0_0_133, 62.982, 10.88, 6.47311e-05

