Instance name,  X location,  Y location,  Voltage 
input7, 68.71, 78.88, 1.79995
FILLER_0_24_129, 68.71, 78.88, 1.79995
FILLER_0_24_137, 68.71, 78.88, 1.79995
FILLER_0_25_137, 68.71, 78.88, 1.79995
FILLER_0_25_146, 68.71, 78.88, 1.79995
FILLER_0_22_130, 68.71, 73.44, 1.79994
FILLER_0_21_145, 68.71, 68, 1.79994
FILLER_0_19_147, 68.71, 62.56, 1.79994
FILLER_0_16_129, 68.71, 57.12, 1.79995
FILLER_0_16_137, 68.71, 57.12, 1.79995
_205_, 68.71, 51.68, 1.79994
hold11, 68.71, 51.68, 1.79994
_201_, 68.71, 46.24, 1.79993
_279_, 68.71, 46.24, 1.79993
hold4, 68.71, 46.24, 1.79993
_203_, 68.71, 40.8, 1.79993
_204_, 68.71, 40.8, 1.79993
hold10, 68.71, 40.8, 1.79993
hold14, 68.71, 40.8, 1.79993
FILLER_0_10_136, 68.71, 40.8, 1.79993
_198_, 68.71, 35.36, 1.79992
_199_, 68.71, 35.36, 1.79992
FILLER_0_8_130, 68.71, 35.36, 1.79992
FILLER_0_9_140, 68.71, 35.36, 1.79992
_196_, 68.71, 29.92, 1.79991
_197_, 68.71, 29.92, 1.79991
FILLER_0_7_133, 68.71, 29.92, 1.79991
FILLER_0_7_144, 68.71, 29.92, 1.79991
_191_, 68.71, 24.48, 1.79992
_193_, 68.71, 24.48, 1.79992
_194_, 68.71, 24.48, 1.79992
hold8, 68.71, 24.48, 1.79992
_195_, 68.71, 19.04, 1.79992
FILLER_0_4_141, 68.71, 19.04, 1.79992
input2, 68.71, 13.6, 1.79992
FILLER_0_0_133, 68.71, 13.6, 1.79992
FILLER_0_0_141, 68.71, 13.6, 1.79992
FILLER_0_1_145, 68.71, 13.6, 1.79992
output12, 50.655, 78.88, 1.79994
_171_, 50.655, 73.44, 1.79994
_271_, 50.655, 73.44, 1.79994
fanout18, 50.655, 73.44, 1.79994
hold1, 50.655, 73.44, 1.79994
FILLER_0_23_106, 50.655, 73.44, 1.79994
_134_, 50.655, 68, 1.79993
_152_, 50.655, 68, 1.79993
_153_, 50.655, 68, 1.79993
_167_, 50.655, 68, 1.79993
FILLER_0_20_91, 50.655, 68, 1.79993
FILLER_0_21_101, 50.655, 68, 1.79993
_137_, 50.655, 62.56, 1.79994
_143_, 50.655, 62.56, 1.79994
_149_, 50.655, 62.56, 1.79994
FILLER_0_19_91, 50.655, 62.56, 1.79994
FILLER_0_20_105, 50.655, 62.56, 1.79994
_146_, 50.655, 57.12, 1.79994
FILLER_0_17_106, 50.655, 57.12, 1.79994
_144_, 50.655, 51.68, 1.79994
_179_, 50.655, 46.24, 1.79992
fanout16, 50.655, 46.24, 1.79992
_178_, 50.655, 40.8, 1.79993
_281_, 50.655, 40.8, 1.79993
FILLER_0_11_104, 50.655, 40.8, 1.79993
_175_, 50.655, 35.36, 1.7999
_177_, 50.655, 35.36, 1.7999
clkbuf_2_3__f_clk, 50.655, 35.36, 1.7999
FILLER_0_9_104, 50.655, 35.36, 1.7999
_212_, 50.655, 29.92, 1.7999
_282_, 50.655, 29.92, 1.7999
FILLER_0_7_95, 50.655, 29.92, 1.7999
FILLER_0_7_107, 50.655, 29.92, 1.7999
FILLER_0_4_97, 50.655, 24.48, 1.79992
FILLER_0_5_104, 50.655, 24.48, 1.79992
_182_, 50.655, 19.04, 1.79991
_183_, 50.655, 19.04, 1.79991
_213_, 50.655, 19.04, 1.79991
_214_, 50.655, 19.04, 1.79991
_274_, 50.655, 19.04, 1.79991
FILLER_0_3_91, 50.655, 19.04, 1.79991
FILLER_0_0_102, 50.655, 13.6, 1.79991
FILLER_0_1_107, 50.655, 13.6, 1.79991
_161_, 32.6, 73.44, 1.79993
_162_, 32.6, 73.44, 1.79993
_268_, 32.6, 73.44, 1.79993
FILLER_0_23_64, 32.6, 73.44, 1.79993
FILLER_0_24_65, 32.6, 73.44, 1.79993
_163_, 32.6, 68, 1.79992
_164_, 32.6, 68, 1.79992
_169_, 32.6, 68, 1.79992
hold9, 32.6, 68, 1.79992
FILLER_0_22_64, 32.6, 68, 1.79992
_136_, 32.6, 62.56, 1.79993
_155_, 32.6, 62.56, 1.79993
_165_, 32.6, 62.56, 1.79993
FILLER_0_19_57, 32.6, 62.56, 1.79993
_139_, 32.6, 57.12, 1.79993
_298_, 32.6, 57.12, 1.79993
FILLER_0_17_52, 32.6, 57.12, 1.79993
FILLER_0_17_57, 32.6, 57.12, 1.79993
_296_, 32.6, 51.68, 1.79992
_221_, 32.6, 46.24, 1.79989
_258_, 32.6, 46.24, 1.79989
_297_, 32.6, 46.24, 1.79989
_141_, 32.6, 40.8, 1.79992
_215_, 32.6, 40.8, 1.79992
_217_, 32.6, 40.8, 1.79992
_252_, 32.6, 40.8, 1.79992
_261_, 32.6, 40.8, 1.79992
_132_, 32.6, 35.36, 1.7999
_223_, 32.6, 35.36, 1.7999
_234_, 32.6, 35.36, 1.7999
_247_, 32.6, 29.92, 1.7999
_248_, 32.6, 29.92, 1.7999
_292_, 32.6, 29.92, 1.7999
FILLER_0_7_57, 32.6, 29.92, 1.7999
_243_, 32.6, 24.48, 1.79991
FILLER_0_4_57, 32.6, 24.48, 1.79991
FILLER_0_5_52, 32.6, 24.48, 1.79991
FILLER_0_5_57, 32.6, 24.48, 1.79991
_250_, 32.6, 19.04, 1.79991
_253_, 32.6, 19.04, 1.79991
_254_, 32.6, 19.04, 1.79991
FILLER_0_3_50, 32.6, 19.04, 1.79991
_251_, 32.6, 13.6, 1.79989
_293_, 32.6, 13.6, 1.79989
_294_, 32.6, 13.6, 1.79989
FILLER_0_1_53, 32.6, 13.6, 1.79989
FILLER_0_1_57, 32.6, 13.6, 1.79989
FILLER_0_25_18, 14.545, 78.88, 1.79993
FILLER_0_25_29, 14.545, 78.88, 1.79993
FILLER_0_22_18, 14.545, 73.44, 1.79993
_266_, 14.545, 68, 1.79991
FILLER_0_21_15, 14.545, 68, 1.79991
FILLER_0_22_29, 14.545, 68, 1.79991
_267_, 14.545, 62.56, 1.79992
_220_, 14.545, 51.68, 1.7999
_225_, 14.545, 51.68, 1.7999
_229_, 14.545, 51.68, 1.7999
hold13, 14.545, 51.68, 1.7999
_222_, 14.545, 46.24, 1.79989
_226_, 14.545, 46.24, 1.79989
_228_, 14.545, 46.24, 1.79989
_232_, 14.545, 46.24, 1.79989
FILLER_0_12_15, 14.545, 46.24, 1.79989
FILLER_0_13_15, 14.545, 46.24, 1.79989
FILLER_0_14_25, 14.545, 46.24, 1.79989
fanout15, 14.545, 40.8, 1.79991
hold2, 14.545, 40.8, 1.79991
_257_, 14.545, 35.36, 1.7999
hold6, 14.545, 35.36, 1.7999
FILLER_0_8_15, 14.545, 35.36, 1.7999
FILLER_0_10_29, 14.545, 35.36, 1.7999
_235_, 14.545, 29.92, 1.7999
_236_, 14.545, 29.92, 1.7999
_255_, 14.545, 29.92, 1.7999
FILLER_0_6_11, 14.545, 29.92, 1.7999
FILLER_0_6_17, 14.545, 29.92, 1.7999
FILLER_0_8_25, 14.545, 29.92, 1.7999
clkbuf_2_0__f_clk, 14.545, 24.48, 1.79988
FILLER_0_6_25, 14.545, 24.48, 1.79988
FILLER_0_6_29, 14.545, 24.48, 1.79988
_242_, 14.545, 19.04, 1.79991
FILLER_0_2_15, 14.545, 19.04, 1.79991
FILLER_0_4_29, 14.545, 19.04, 1.79991
_239_, 14.545, 13.6, 1.79988
_289_, 14.545, 13.6, 1.79988
_290_, 14.545, 13.6, 1.79988
FILLER_0_0_21, 14.545, 13.6, 1.79988
FILLER_0_1_15, 14.545, 13.6, 1.79988
PHY_48, 5.52, 78.88, 1.79993
PHY_50, 5.52, 78.88, 1.79993
input10, 5.52, 78.88, 1.79993
PHY_49, 77.74, 78.88, 1.79995
PHY_51, 77.74, 78.88, 1.79995
input6, 77.74, 78.88, 1.79995
input1, 23.572, 78.88, 1.79994
hold5, 41.627, 78.88, 1.79994
FILLER_0_25_81, 41.627, 78.88, 1.79994
FILLER_0_25_85, 41.627, 78.88, 1.79994
PHY_44, 5.52, 73.44, 1.79993
PHY_46, 5.52, 73.44, 1.79993
PHY_45, 77.74, 73.44, 1.79994
PHY_47, 77.74, 73.44, 1.79994
FILLER_0_23_149, 77.74, 73.44, 1.79994
_156_, 23.572, 73.44, 1.79992
_158_, 23.572, 73.44, 1.79992
fanout17, 23.572, 73.44, 1.79992
hold15, 23.572, 73.44, 1.79992
_166_, 41.627, 73.44, 1.79993
_170_, 41.627, 73.44, 1.79993
FILLER_0_23_87, 41.627, 73.44, 1.79993
FILLER_0_24_81, 41.627, 73.44, 1.79993
FILLER_0_24_85, 41.627, 73.44, 1.79993
PHY_40, 5.52, 68, 1.79991
PHY_42, 5.52, 68, 1.79991
input9, 5.52, 68, 1.79991
PHY_41, 77.74, 68, 1.79994
PHY_43, 77.74, 68, 1.79994
_160_, 23.572, 68, 1.79991
_270_, 23.572, 68, 1.79991
hold7, 23.572, 68, 1.79991
_135_, 41.627, 68, 1.79992
_168_, 41.627, 68, 1.79992
_269_, 41.627, 68, 1.79992
FILLER_0_20_72, 41.627, 68, 1.79992
FILLER_0_22_81, 41.627, 68, 1.79992
_264_, 59.682, 68, 1.79992
hold12, 59.682, 68, 1.79992
PHY_36, 5.52, 62.56, 1.79992
PHY_38, 5.52, 62.56, 1.79992
PHY_37, 77.74, 62.56, 1.79994
PHY_39, 77.74, 62.56, 1.79994
_154_, 23.572, 62.56, 1.79992
_157_, 23.572, 62.56, 1.79992
_159_, 23.572, 62.56, 1.79992
_138_, 41.627, 62.56, 1.79993
FILLER_0_18_77, 41.627, 62.56, 1.79993
_150_, 59.682, 62.56, 1.79993
_151_, 59.682, 62.56, 1.79993
_265_, 59.682, 62.56, 1.79993
_285_, 5.52, 57.12, 1.79992
PHY_32, 5.52, 57.12, 1.79992
PHY_34, 5.52, 57.12, 1.79992
FILLER_0_17_3, 5.52, 57.12, 1.79992
PHY_33, 77.74, 57.12, 1.79995
PHY_35, 77.74, 57.12, 1.79995
FILLER_0_17_149, 77.74, 57.12, 1.79995
_219_, 23.572, 57.12, 1.79993
_133_, 41.627, 57.12, 1.79993
_147_, 41.627, 57.12, 1.79993
_148_, 41.627, 57.12, 1.79993
_263_, 41.627, 57.12, 1.79993
FILLER_0_16_75, 41.627, 57.12, 1.79993
FILLER_0_17_75, 41.627, 57.12, 1.79993
_230_, 5.52, 51.68, 1.79989
_284_, 5.52, 51.68, 1.79989
_286_, 5.52, 51.68, 1.79989
PHY_28, 5.52, 51.68, 1.79989
PHY_30, 5.52, 51.68, 1.79989
FILLER_0_16_3, 5.52, 51.68, 1.79989
PHY_29, 77.74, 51.68, 1.79994
PHY_31, 77.74, 51.68, 1.79994
FILLER_0_15_149, 77.74, 51.68, 1.79994
FILLER_0_14_36, 23.572, 51.68, 1.79991
FILLER_0_15_48, 23.572, 51.68, 1.79991
FILLER_0_16_42, 23.572, 51.68, 1.79991
_130_, 41.627, 51.68, 1.79992
_145_, 41.627, 51.68, 1.79992
_262_, 41.627, 51.68, 1.79992
FILLER_0_15_80, 41.627, 51.68, 1.79992
_280_, 59.682, 51.68, 1.79994
FILLER_0_15_108, 59.682, 51.68, 1.79994
FILLER_0_15_113, 59.682, 51.68, 1.79994
PHY_24, 5.52, 46.24, 1.79988
PHY_26, 5.52, 46.24, 1.79988
output14, 5.52, 46.24, 1.79988
FILLER_0_14_9, 5.52, 46.24, 1.79988
PHY_25, 77.74, 46.24, 1.79993
PHY_27, 77.74, 46.24, 1.79993
FILLER_0_13_151, 77.74, 46.24, 1.79993
_218_, 23.572, 46.24, 1.79987
_227_, 23.572, 46.24, 1.79987
_231_, 23.572, 46.24, 1.79987
_260_, 23.572, 46.24, 1.79987
clkbuf_2_1__f_clk, 23.572, 46.24, 1.79987
FILLER_0_13_36, 23.572, 46.24, 1.79987
clkbuf_0_clk, 41.627, 46.24, 1.79988
_172_, 59.682, 46.24, 1.79992
_206_, 59.682, 46.24, 1.79992
_207_, 59.682, 46.24, 1.79992
_208_, 59.682, 46.24, 1.79992
FILLER_0_13_113, 59.682, 46.24, 1.79992
_287_, 5.52, 40.8, 1.79991
PHY_20, 5.52, 40.8, 1.79991
PHY_22, 5.52, 40.8, 1.79991
FILLER_0_11_3, 5.52, 40.8, 1.79991
PHY_21, 77.74, 40.8, 1.79993
PHY_23, 77.74, 40.8, 1.79993
FILLER_0_10_150, 77.74, 40.8, 1.79993
_142_, 23.572, 40.8, 1.79991
_224_, 23.572, 40.8, 1.79991
_259_, 23.572, 40.8, 1.79991
FILLER_0_11_33, 23.572, 40.8, 1.79991
FILLER_0_12_44, 23.572, 40.8, 1.79991
_131_, 41.627, 40.8, 1.79992
_273_, 41.627, 40.8, 1.79992
FILLER_0_12_85, 41.627, 40.8, 1.79992
_200_, 59.682, 40.8, 1.79993
_202_, 59.682, 40.8, 1.79993
_210_, 59.682, 40.8, 1.79993
FILLER_0_11_113, 59.682, 40.8, 1.79993
_295_, 5.52, 35.36, 1.79989
PHY_16, 5.52, 35.36, 1.79989
PHY_18, 5.52, 35.36, 1.79989
FILLER_0_9_3, 5.52, 35.36, 1.79989
PHY_17, 77.74, 35.36, 1.79992
PHY_19, 77.74, 35.36, 1.79992
input11, 77.74, 35.36, 1.79992
FILLER_0_9_148, 77.74, 35.36, 1.79992
_140_, 23.572, 35.36, 1.7999
_256_, 23.572, 35.36, 1.7999
FILLER_0_9_48, 23.572, 35.36, 1.7999
_176_, 41.627, 35.36, 1.7999
_181_, 41.627, 35.36, 1.7999
_216_, 41.627, 35.36, 1.7999
_272_, 41.627, 35.36, 1.7999
FILLER_0_8_71, 41.627, 35.36, 1.7999
FILLER_0_9_70, 41.627, 35.36, 1.7999
_190_, 59.682, 35.36, 1.79991
_209_, 59.682, 35.36, 1.79991
_211_, 59.682, 35.36, 1.79991
_278_, 59.682, 35.36, 1.79991
FILLER_0_9_113, 59.682, 35.36, 1.79991
_288_, 5.52, 29.92, 1.79989
PHY_12, 5.52, 29.92, 1.79989
PHY_14, 5.52, 29.92, 1.79989
FILLER_0_7_3, 5.52, 29.92, 1.79989
PHY_13, 77.74, 29.92, 1.79991
PHY_15, 77.74, 29.92, 1.79991
FILLER_0_6_151, 77.74, 29.92, 1.79991
_291_, 23.572, 29.92, 1.7999
FILLER_0_7_49, 23.572, 29.92, 1.7999
_184_, 41.627, 29.92, 1.7999
FILLER_0_6_75, 41.627, 29.92, 1.7999
_173_, 59.682, 29.92, 1.79989
_174_, 59.682, 29.92, 1.79989
clkbuf_2_2__f_clk, 59.682, 29.92, 1.79989
hold3, 59.682, 29.92, 1.79989
PHY_8, 5.52, 24.48, 1.79988
PHY_10, 5.52, 24.48, 1.79988
input5, 5.52, 24.48, 1.79988
FILLER_0_5_6, 5.52, 24.48, 1.79988
FILLER_0_6_3, 5.52, 24.48, 1.79988
PHY_9, 77.74, 24.48, 1.79992
PHY_11, 77.74, 24.48, 1.79992
_240_, 23.572, 24.48, 1.79989
_244_, 23.572, 24.48, 1.79989
_245_, 23.572, 24.48, 1.79989
_246_, 41.627, 24.48, 1.79991
FILLER_0_6_85, 41.627, 24.48, 1.79991
_180_, 59.682, 24.48, 1.79992
_192_, 59.682, 24.48, 1.79992
_277_, 59.682, 24.48, 1.79992
PHY_4, 5.52, 19.04, 1.79991
PHY_6, 5.52, 19.04, 1.79991
PHY_5, 77.74, 19.04, 1.79992
PHY_7, 77.74, 19.04, 1.79992
FILLER_0_3_148, 77.74, 19.04, 1.79992
_233_, 23.572, 19.04, 1.7999
_241_, 23.572, 19.04, 1.7999
_249_, 41.627, 19.04, 1.79991
_185_, 59.682, 19.04, 1.79991
_186_, 59.682, 19.04, 1.79991
_189_, 59.682, 19.04, 1.79991
_276_, 59.682, 19.04, 1.79991
FILLER_0_3_109, 59.682, 19.04, 1.79991
FILLER_0_3_123, 59.682, 19.04, 1.79991
PHY_0, 5.52, 13.6, 1.79986
PHY_2, 5.52, 13.6, 1.79986
output13, 5.52, 13.6, 1.79986
PHY_1, 77.74, 13.6, 1.79992
PHY_3, 77.74, 13.6, 1.79992
input4, 77.74, 13.6, 1.79992
_237_, 23.572, 13.6, 1.79988
_238_, 23.572, 13.6, 1.79988
input3, 23.572, 13.6, 1.79988
_283_, 41.627, 13.6, 1.7999
input8, 41.627, 13.6, 1.7999
FILLER_0_0_81, 41.627, 13.6, 1.7999
FILLER_0_1_80, 41.627, 13.6, 1.7999
FILLER_0_2_85, 41.627, 13.6, 1.7999
_187_, 59.682, 13.6, 1.79991
_188_, 59.682, 13.6, 1.79991
_275_, 59.682, 13.6, 1.79991
FILLER_0_0_125, 59.682, 13.6, 1.79991

