CVC: Log output to /home/prashik-wankhede/vlsi_workspace/100_Days_of_VLSI/Sand_to_Silicon_1_30/Day37_power_gating_uart/runs/RUN_2026.07.17_19.19.47/reports/signoff/uart_power_gating_with_idle_timer.rpt
CVC: Error output to /home/prashik-wankhede/vlsi_workspace/100_Days_of_VLSI/Sand_to_Silicon_1_30/Day37_power_gating_uart/runs/RUN_2026.07.17_19.19.47/reports/signoff/uart_power_gating_with_idle_timer.rpt.error.gz
CVC: Debug output to /home/prashik-wankhede/vlsi_workspace/100_Days_of_VLSI/Sand_to_Silicon_1_30/Day37_power_gating_uart/runs/RUN_2026.07.17_19.19.47/reports/signoff/uart_power_gating_with_idle_timer.rpt.debug.gz
CVC: Circuit Validation Check  Version 1.1.4
CVC: Start: Fri Jul 17 19:21:15 2026

Using the following parameters for CVC (Circuit Validation Check) from /media/prashik-wankhede/SKY130_PDK/.ciel/sky130A/libs.tech/openlane/cvc/cvcrc
CVC_TOP = 'uart_power_gating_with_idle_timer'
CVC_NETLIST = '/home/prashik-wankhede/vlsi_workspace/100_Days_of_VLSI/Sand_to_Silicon_1_30/Day37_power_gating_uart/runs/RUN_2026.07.17_19.19.47/tmp/signoff/uart_power_gating_with_idle_timer.cdl'
CVC_MODE = 'uart_power_gating_with_idle_timer'
CVC_MODEL_FILE = '/media/prashik-wankhede/SKY130_PDK/.ciel/sky130A/libs.tech/openlane/cvc/models'
CVC_POWER_FILE = '/home/prashik-wankhede/vlsi_workspace/100_Days_of_VLSI/Sand_to_Silicon_1_30/Day37_power_gating_uart/runs/RUN_2026.07.17_19.19.47/tmp/signoff/uart_power_gating_with_idle_timer.power'
CVC_FUSE_FILE = ''
CVC_REPORT_FILE = '/home/prashik-wankhede/vlsi_workspace/100_Days_of_VLSI/Sand_to_Silicon_1_30/Day37_power_gating_uart/runs/RUN_2026.07.17_19.19.47/reports/signoff/uart_power_gating_with_idle_timer.rpt'
CVC_REPORT_TITLE = 'CVC $CVC_TOP'
CVC_CIRCUIT_ERROR_LIMIT = '100'
CVC_SEARCH_LIMIT = '100'
CVC_LEAK_LIMIT = '0.0002'
CVC_SOI = 'false'
CVC_SCRC = 'false'
CVC_VTH_GATES = 'false'
CVC_MIN_VTH_GATES = 'false'
CVC_IGNORE_VTH_FLOATING = 'false'
CVC_IGNORE_NO_LEAK_FLOATING = 'false'
CVC_LEAK_OVERVOLTAGE = 'true'
CVC_LOGIC_DIODES = 'false'
CVC_ANALOG_GATES = 'true'
CVC_BACKUP_RESULTS = 'false'
CVC_MOS_DIODE_ERROR_THRESHOLD = '0'
CVC_SHORT_ERROR_THRESHOLD = '0'
CVC_BIAS_ERROR_THRESHOLD = '0'
CVC_FORWARD_ERROR_THRESHOLD = '0'
CVC_FLOATING_ERROR_THRESHOLD = '0'
CVC_GATE_ERROR_THRESHOLD = '0'
CVC_LEAK?_ERROR_THRESHOLD = '0'
CVC_EXPECTED_ERROR_THRESHOLD = '0'
CVC_OVERVOLTAGE_ERROR_THRESHOLD = '0'
CVC_PARALLEL_CIRCUIT_PORT_LIMIT = '0'
CVC_CELL_ERROR_LIMIT_FILE = ''
CVC_CELL_CHECKSUM_FILE = ''
CVC_LARGE_CIRCUIT_SIZE = '10000000'
CVC_NET_CHECK_FILE = ''
CVC_MODEL_CHECK_FILE = ''
End of parameters

CVC: Reading device model settings...
CVC: Reading power settings...
CVC: Parsing netlist /home/prashik-wankhede/vlsi_workspace/100_Days_of_VLSI/Sand_to_Silicon_1_30/Day37_power_gating_uart/runs/RUN_2026.07.17_19.19.47/tmp/signoff/uart_power_gating_with_idle_timer.cdl
Cdl fixed data size 25801
Usage CDL: Time: 0  Memory: 9580  I/O: 4136  Swap: 0
CVC: Counting and linking...
