
===========================================================================
report_checks -unconstrained
===========================================================================
======================= Typical Corner ===================================

Startpoint: rst_n (input port clocked by clk)
Endpoint: _274_ (recovery check against rising-edge clock clk)
Path Group: asynchronous
Path Type: max

Fanout     Cap    Slew   Delay    Time   Description
-----------------------------------------------------------------------------
                          0.00    0.00   clock clk (rise edge)
                          0.00    0.00   clock network delay (propagated)
                          4.00    4.00 ^ input external delay
                  0.02    0.01    4.01 ^ rst_n (in)
     1    0.00                           rst_n (net)
                  0.02    0.00    4.01 ^ input1/A (sky130_fd_sc_hd__dlymetal6s2s_1)
                  0.18    0.18    4.19 ^ input1/X (sky130_fd_sc_hd__dlymetal6s2s_1)
     4    0.02                           net1 (net)
                  0.18    0.00    4.19 ^ fanout16/A (sky130_fd_sc_hd__buf_2)
                  0.17    0.26    4.45 ^ fanout16/X (sky130_fd_sc_hd__buf_2)
     8    0.03                           net16 (net)
                  0.17    0.00    4.45 ^ _274_/RESET_B (sky130_fd_sc_hd__dfrtp_2)
                                  4.45   data arrival time

                         20.00   20.00   clock clk (rise edge)
                          0.00   20.00   clock source latency
                  0.06    0.04   20.04 ^ clk (in)
     1    0.01                           clk (net)
                  0.06    0.00   20.04 ^ clkbuf_0_clk/A (sky130_fd_sc_hd__clkbuf_16)
                  0.06    0.14   20.18 ^ clkbuf_0_clk/X (sky130_fd_sc_hd__clkbuf_16)
     4    0.04                           clknet_0_clk (net)
                  0.06    0.00   20.18 ^ clkbuf_2_2__f_clk/A (sky130_fd_sc_hd__clkbuf_16)
                  0.04    0.13   20.30 ^ clkbuf_2_2__f_clk/X (sky130_fd_sc_hd__clkbuf_16)
     8    0.02                           clknet_2_2__leaf_clk (net)
                  0.04    0.00   20.30 ^ _274_/CLK (sky130_fd_sc_hd__dfrtp_2)
                         -0.25   20.05   clock uncertainty
                          0.00   20.05   clock reconvergence pessimism
                          0.18   20.23   library recovery time
                                 20.23   data required time
-----------------------------------------------------------------------------
                                 20.23   data required time
                                 -4.45   data arrival time
-----------------------------------------------------------------------------
                                 15.78   slack (MET)


Startpoint: _273_ (rising edge-triggered flip-flop clocked by clk)
Endpoint: tx (output port clocked by clk)
Path Group: clk
Path Type: max

Fanout     Cap    Slew   Delay    Time   Description
-----------------------------------------------------------------------------
                          0.00    0.00   clock clk (rise edge)
                          0.00    0.00   clock source latency
                  0.06    0.04    0.04 ^ clk (in)
     1    0.01                           clk (net)
                  0.06    0.00    0.04 ^ clkbuf_0_clk/A (sky130_fd_sc_hd__clkbuf_16)
                  0.06    0.15    0.19 ^ clkbuf_0_clk/X (sky130_fd_sc_hd__clkbuf_16)
     4    0.04                           clknet_0_clk (net)
                  0.06    0.00    0.19 ^ clkbuf_2_2__f_clk/A (sky130_fd_sc_hd__clkbuf_16)
                  0.04    0.14    0.33 ^ clkbuf_2_2__f_clk/X (sky130_fd_sc_hd__clkbuf_16)
     8    0.02                           clknet_2_2__leaf_clk (net)
                  0.04    0.00    0.33 ^ _273_/CLK (sky130_fd_sc_hd__dfrtp_1)
                  0.09    0.43    0.76 v _273_/Q (sky130_fd_sc_hd__dfrtp_1)
     5    0.01                           net12 (net)
                  0.09    0.00    0.76 v _130_/A (sky130_fd_sc_hd__buf_2)
                  0.08    0.21    0.97 v _130_/X (sky130_fd_sc_hd__buf_2)
    10    0.03                           _120_ (net)
                  0.08    0.00    0.97 v _132_/A (sky130_fd_sc_hd__nor2_1)
                  0.20    0.21    1.18 ^ _132_/Y (sky130_fd_sc_hd__nor2_1)
     3    0.01                           net14 (net)
                  0.20    0.00    1.18 ^ _142_/B1 (sky130_fd_sc_hd__o211ai_1)
                  0.10    0.15    1.32 v _142_/Y (sky130_fd_sc_hd__o211ai_1)
     1    0.01                           net13 (net)
                  0.10    0.00    1.32 v output13/A (sky130_fd_sc_hd__clkbuf_4)
                  0.08    0.22    1.54 v output13/X (sky130_fd_sc_hd__clkbuf_4)
     1    0.03                           tx (net)
                  0.08    0.00    1.54 v tx (out)
                                  1.54   data arrival time

                         20.00   20.00   clock clk (rise edge)
                          0.00   20.00   clock network delay (propagated)
                         -0.25   19.75   clock uncertainty
                          0.00   19.75   clock reconvergence pessimism
                         -4.00   15.75   output external delay
                                 15.75   data required time
-----------------------------------------------------------------------------
                                 15.75   data required time
                                 -1.54   data arrival time
-----------------------------------------------------------------------------
                                 14.21   slack (MET)




===========================================================================
report_checks --slack_max -0.01
============================================================================
======================= Typical Corner ===================================

No paths found.


===========================================================================
 report_check_types -max_slew -max_cap -max_fanout -violators
============================================================================
======================= Typical Corner ===================================

max fanout

Pin                                   Limit Fanout  Slack
---------------------------------------------------------
clkbuf_2_1__f_clk/X                      10     11        (VIOLATED)



===========================================================================
report_parasitic_annotation -report_unannotated
============================================================================
Found 204 unannotated drivers.
 clk
 rst_n
 sleep
 tx_data[0]
 tx_data[1]
 tx_data[2]
 tx_data[3]
 tx_data[4]
 tx_data[5]
 tx_data[6]
 tx_data[7]
 tx_start
 _130_/X
 _131_/Y
 _132_/Y
 _133_/X
 _134_/Y
 _135_/X
 _136_/Y
 _137_/X
 _138_/X
 _139_/Y
 _140_/Y
 _141_/Y
 _142_/Y
 _143_/X
 _144_/X
 _145_/Y
 _146_/Y
 _147_/X
 _148_/X
 _149_/Y
 _150_/Y
 _151_/X
 _152_/Y
 _153_/X
 _154_/X
 _155_/Y
 _156_/Y
 _157_/X
 _158_/X
 _159_/X
 _160_/X
 _161_/X
 _162_/Y
 _163_/X
 _164_/X
 _165_/X
 _166_/X
 _167_/X
 _168_/X
 _169_/X
 _170_/X
 _171_/Y
 _172_/X
 _173_/X
 _174_/X
 _175_/Y
 _176_/X
 _177_/X
 _178_/X
 _179_/X
 _180_/Y
 _181_/X
 _182_/Y
 _183_/X
 _184_/X
 _185_/Y
 _186_/X
 _187_/X
 _188_/X
 _189_/X
 _190_/Y
 _191_/Y
 _192_/Y
 _193_/X
 _194_/X
 _195_/X
 _196_/Y
 _197_/X
 _198_/X
 _199_/Y
 _200_/X
 _201_/Y
 _202_/X
 _203_/Y
 _204_/X
 _205_/X
 _206_/Y
 _207_/X
 _208_/X
 _209_/Y
 _210_/X
 _211_/Y
 _212_/X
 _213_/X
 _214_/X
 _215_/Y
 _216_/X
 _217_/Y
 _218_/X
 _219_/X
 _220_/X
 _221_/Y
 _222_/Y
 _223_/X
 _224_/X
 _225_/X
 _226_/X
 _227_/Y
 _228_/X
 _229_/X
 _230_/X
 _231_/X
 _232_/X
 _233_/X
 _234_/Y
 _235_/X
 _236_/X
 _237_/X
 _238_/X
 _239_/X
 _240_/X
 _241_/X
 _242_/X
 _243_/X
 _244_/X
 _245_/X
 _246_/X
 _247_/X
 _248_/X
 _249_/X
 _250_/X
 _251_/X
 _252_/X
 _253_/X
 _254_/X
 _255_/Y
 _256_/Y
 _257_/X
 _258_/X
 _259_/Y
 _260_/X
 _261_/X
 _262_/Q
 _263_/Q
 _264_/Q
 _265_/Q
 _266_/Q
 _267_/Q
 _268_/Q
 _269_/Q
 _270_/Q
 _271_/Q
 _272_/Q
 _273_/Q
 _274_/Q
 _275_/Q
 _276_/Q
 _277_/Q
 _278_/Q
 _279_/Q
 _280_/Q
 _281_/Q
 _282_/Q
 _283_/Q
 _284_/Q
 _285_/Q
 _286_/Q
 _287_/Q
 _288_/Q
 _289_/Q
 _290_/Q
 _291_/Q
 _292_/Q
 _293_/Q
 _294_/Q
 _295_/Q
 _296_/Q
 _297_/Q
 _298_/Q
 clkbuf_0_clk/X
 clkbuf_2_0__f_clk/X
 clkbuf_2_1__f_clk/X
 clkbuf_2_2__f_clk/X
 clkbuf_2_3__f_clk/X
 fanout15/X
 fanout16/X
 fanout17/X
 fanout18/X
 input1/X
 input10/X
 input11/X
 input2/X
 input3/X
 input4/X
 input5/X
 input6/X
 input7/X
 input8/X
 input9/X
 output12/X
 output13/X
 output14/X
Found 0 partially unannotated drivers.

===========================================================================
max slew violation count 0
max fanout violation count 1
max cap violation count 0
============================================================================

===========================================================================
check_setup -verbose -unconstrained_endpoints -multiple_clock -no_clock -no_input_delay -loops -generated_clocks
===========================================================================
