
===========================================================================
 report_power
============================================================================
======================= Fastest Corner ===================================

Group                  Internal  Switching    Leakage      Total
                          Power      Power      Power      Power (Watts)
----------------------------------------------------------------
Sequential             1.15e-04   2.49e-05   1.17e-06   1.41e-04  42.0%
Combinational          1.18e-04   7.44e-05   1.58e-06   1.94e-04  58.0%
Macro                  0.00e+00   0.00e+00   0.00e+00   0.00e+00   0.0%
Pad                    0.00e+00   0.00e+00   0.00e+00   0.00e+00   0.0%
----------------------------------------------------------------
Total                  2.33e-04   9.92e-05   2.75e-06   3.35e-04 100.0%
                          69.6%      29.6%       0.8%

======================= Slowest Corner ===================================

Group                  Internal  Switching    Leakage      Total
                          Power      Power      Power      Power (Watts)
----------------------------------------------------------------
Sequential             7.40e-05   1.58e-05   7.06e-07   9.06e-05  42.0%
Combinational          7.69e-05   4.73e-05   8.41e-07   1.25e-04  58.0%
Macro                  0.00e+00   0.00e+00   0.00e+00   0.00e+00   0.0%
Pad                    0.00e+00   0.00e+00   0.00e+00   0.00e+00   0.0%
----------------------------------------------------------------
Total                  1.51e-04   6.32e-05   1.55e-06   2.16e-04 100.0%
                          70.0%      29.3%       0.7%

======================= Typical Corner ===================================

Group                  Internal  Switching    Leakage      Total
                          Power      Power      Power      Power (Watts)
----------------------------------------------------------------
Sequential             9.53e-05   2.04e-05   1.77e-07   1.16e-04  42.6%
Combinational          9.47e-05   6.12e-05   1.11e-09   1.56e-04  57.4%
Macro                  0.00e+00   0.00e+00   0.00e+00   0.00e+00   0.0%
Pad                    0.00e+00   0.00e+00   0.00e+00   0.00e+00   0.0%
----------------------------------------------------------------
Total                  1.90e-04   8.16e-05   1.78e-07   2.72e-04 100.0%
                          69.9%      30.0%       0.1%

