
===========================================================================
report_checks -unconstrained
===========================================================================
======================= Fastest Corner ===================================

Startpoint: rst_n (input port clocked by clk)
Endpoint: _297_ (recovery check against rising-edge clock clk)
Path Group: asynchronous
Path Type: max
Corner: Fastest

Fanout     Cap    Slew   Delay    Time   Description
-----------------------------------------------------------------------------
                          0.00    0.00   clock clk (rise edge)
                          0.00    0.00   clock network delay (propagated)
                          4.00    4.00 ^ input external delay
                  0.01    0.01    4.01 ^ rst_n (in)
     1    0.00                           rst_n (net)
                  0.01    0.00    4.01 ^ input1/A (sky130_fd_sc_hd__clkbuf_2)
                  0.09    0.12    4.12 ^ input1/X (sky130_fd_sc_hd__clkbuf_2)
     4    0.02                           net1 (net)
                  0.09    0.00    4.12 ^ fanout17/A (sky130_fd_sc_hd__clkbuf_4)
                  0.11    0.17    4.30 ^ fanout17/X (sky130_fd_sc_hd__clkbuf_4)
    10    0.05                           net17 (net)
                  0.11    0.00    4.30 ^ _297_/RESET_B (sky130_fd_sc_hd__dfrtp_4)
                                  4.30   data arrival time

                         20.00   20.00   clock clk (rise edge)
                          0.00   20.00   clock source latency
                  0.05    0.03   20.03 ^ clk (in)
     1    0.01                           clk (net)
                  0.05    0.00   20.03 ^ clkbuf_0_clk/A (sky130_fd_sc_hd__clkbuf_16)
                  0.05    0.10   20.13 ^ clkbuf_0_clk/X (sky130_fd_sc_hd__clkbuf_16)
     4    0.04                           clknet_0_clk (net)
                  0.05    0.00   20.13 ^ clkbuf_2_1__f_clk/A (sky130_fd_sc_hd__clkbuf_16)
                  0.04    0.10   20.23 ^ clkbuf_2_1__f_clk/X (sky130_fd_sc_hd__clkbuf_16)
    11    0.03                           clknet_2_1__leaf_clk (net)
                  0.04    0.00   20.23 ^ _297_/CLK (sky130_fd_sc_hd__dfrtp_4)
                         -0.25   19.98   clock uncertainty
                          0.00   19.98   clock reconvergence pessimism
                          0.12   20.09   library recovery time
                                 20.09   data required time
-----------------------------------------------------------------------------
                                 20.09   data required time
                                 -4.30   data arrival time
-----------------------------------------------------------------------------
                                 15.80   slack (MET)


Startpoint: _273_ (rising edge-triggered flip-flop clocked by clk)
Endpoint: tx (output port clocked by clk)
Path Group: clk
Path Type: max
Corner: Fastest

Fanout     Cap    Slew   Delay    Time   Description
-----------------------------------------------------------------------------
                          0.00    0.00   clock clk (rise edge)
                          0.00    0.00   clock source latency
                  0.05    0.03    0.03 ^ clk (in)
     1    0.01                           clk (net)
                  0.05    0.00    0.03 ^ clkbuf_0_clk/A (sky130_fd_sc_hd__clkbuf_16)
                  0.05    0.11    0.15 ^ clkbuf_0_clk/X (sky130_fd_sc_hd__clkbuf_16)
     4    0.04                           clknet_0_clk (net)
                  0.05    0.00    0.15 ^ clkbuf_2_2__f_clk/A (sky130_fd_sc_hd__clkbuf_16)
                  0.04    0.10    0.25 ^ clkbuf_2_2__f_clk/X (sky130_fd_sc_hd__clkbuf_16)
     8    0.02                           clknet_2_2__leaf_clk (net)
                  0.04    0.00    0.25 ^ _273_/CLK (sky130_fd_sc_hd__dfrtp_2)
                  0.07    0.30    0.55 v _273_/Q (sky130_fd_sc_hd__dfrtp_2)
     5    0.02                           net12 (net)
                  0.07    0.00    0.55 v _130_/A (sky130_fd_sc_hd__clkbuf_4)
                  0.07    0.15    0.70 v _130_/X (sky130_fd_sc_hd__clkbuf_4)
    10    0.04                           _120_ (net)
                  0.07    0.00    0.70 v _132_/A (sky130_fd_sc_hd__nor2_1)
                  0.17    0.16    0.86 ^ _132_/Y (sky130_fd_sc_hd__nor2_1)
     3    0.01                           net14 (net)
                  0.17    0.00    0.86 ^ _142_/B1 (sky130_fd_sc_hd__o211ai_1)
                  0.08    0.08    0.95 v _142_/Y (sky130_fd_sc_hd__o211ai_1)
     1    0.01                           net13 (net)
                  0.08    0.00    0.95 v output13/A (sky130_fd_sc_hd__clkbuf_4)
                  0.07    0.15    1.10 v output13/X (sky130_fd_sc_hd__clkbuf_4)
     1    0.03                           tx (net)
                  0.07    0.00    1.10 v tx (out)
                                  1.10   data arrival time

                         20.00   20.00   clock clk (rise edge)
                          0.00   20.00   clock network delay (propagated)
                         -0.25   19.75   clock uncertainty
                          0.00   19.75   clock reconvergence pessimism
                         -4.00   15.75   output external delay
                                 15.75   data required time
-----------------------------------------------------------------------------
                                 15.75   data required time
                                 -1.10   data arrival time
-----------------------------------------------------------------------------
                                 14.65   slack (MET)



======================= Slowest Corner ===================================

Startpoint: rst_n (input port clocked by clk)
Endpoint: _297_ (recovery check against rising-edge clock clk)
Path Group: asynchronous
Path Type: max
Corner: Slowest

Fanout     Cap    Slew   Delay    Time   Description
-----------------------------------------------------------------------------
                          0.00    0.00   clock clk (rise edge)
                          0.00    0.00   clock network delay (propagated)
                          4.00    4.00 ^ input external delay
                  0.04    0.02    4.02 ^ rst_n (in)
     1    0.00                           rst_n (net)
                  0.04    0.00    4.02 ^ input1/A (sky130_fd_sc_hd__clkbuf_2)
                  0.20    0.28    4.30 ^ input1/X (sky130_fd_sc_hd__clkbuf_2)
     4    0.02                           net1 (net)
                  0.20    0.00    4.30 ^ fanout17/A (sky130_fd_sc_hd__clkbuf_4)
                  0.22    0.44    4.74 ^ fanout17/X (sky130_fd_sc_hd__clkbuf_4)
    10    0.04                           net17 (net)
                  0.22    0.00    4.74 ^ _297_/RESET_B (sky130_fd_sc_hd__dfrtp_4)
                                  4.74   data arrival time

                         20.00   20.00   clock clk (rise edge)
                          0.00   20.00   clock source latency
                  0.11    0.07   20.07 ^ clk (in)
     1    0.01                           clk (net)
                  0.11    0.00   20.07 ^ clkbuf_0_clk/A (sky130_fd_sc_hd__clkbuf_16)
                  0.10    0.26   20.32 ^ clkbuf_0_clk/X (sky130_fd_sc_hd__clkbuf_16)
     4    0.04                           clknet_0_clk (net)
                  0.10    0.00   20.32 ^ clkbuf_2_1__f_clk/A (sky130_fd_sc_hd__clkbuf_16)
                  0.08    0.24   20.56 ^ clkbuf_2_1__f_clk/X (sky130_fd_sc_hd__clkbuf_16)
    11    0.03                           clknet_2_1__leaf_clk (net)
                  0.08    0.00   20.56 ^ _297_/CLK (sky130_fd_sc_hd__dfrtp_4)
                         -0.25   20.31   clock uncertainty
                          0.00   20.31   clock reconvergence pessimism
                          0.38   20.69   library recovery time
                                 20.69   data required time
-----------------------------------------------------------------------------
                                 20.69   data required time
                                 -4.74   data arrival time
-----------------------------------------------------------------------------
                                 15.95   slack (MET)


Startpoint: tx_start (input port clocked by clk)
Endpoint: _288_ (rising edge-triggered flip-flop clocked by clk)
Path Group: clk
Path Type: max
Corner: Slowest

Fanout     Cap    Slew   Delay    Time   Description
-----------------------------------------------------------------------------
                          0.00    0.00   clock clk (rise edge)
                          0.00    0.00   clock network delay (propagated)
                          4.00    4.00 ^ input external delay
                  0.03    0.02    4.02 ^ tx_start (in)
     1    0.00                           tx_start (net)
                  0.03    0.00    4.02 ^ input11/A (sky130_fd_sc_hd__clkbuf_1)
                  0.13    0.18    4.20 ^ input11/X (sky130_fd_sc_hd__clkbuf_1)
     1    0.01                           net11 (net)
                  0.13    0.00    4.20 ^ _216_/D_N (sky130_fd_sc_hd__or4b_2)
                  0.29    1.63    5.84 v _216_/X (sky130_fd_sc_hd__or4b_2)
     3    0.01                           _088_ (net)
                  0.29    0.00    5.84 v _223_/A (sky130_fd_sc_hd__clkbuf_4)
                  0.17    0.48    6.31 v _223_/X (sky130_fd_sc_hd__clkbuf_4)
    10    0.04                           _094_ (net)
                  0.17    0.00    6.31 v _233_/S (sky130_fd_sc_hd__mux2_1)
                  0.12    0.78    7.09 v _233_/X (sky130_fd_sc_hd__mux2_1)
     1    0.00                           _101_ (net)
                  0.12    0.00    7.09 v _235_/A1 (sky130_fd_sc_hd__mux2_1)
                  0.11    0.71    7.80 v _235_/X (sky130_fd_sc_hd__mux2_1)
     1    0.00                           _103_ (net)
                  0.11    0.00    7.80 v _236_/A (sky130_fd_sc_hd__clkbuf_1)
                  0.05    0.18    7.99 v _236_/X (sky130_fd_sc_hd__clkbuf_1)
     1    0.00                           _027_ (net)
                  0.05    0.00    7.99 v _288_/D (sky130_fd_sc_hd__dfrtp_1)
                                  7.99   data arrival time

                         20.00   20.00   clock clk (rise edge)
                          0.00   20.00   clock source latency
                  0.11    0.07   20.07 ^ clk (in)
     1    0.01                           clk (net)
                  0.11    0.00   20.07 ^ clkbuf_0_clk/A (sky130_fd_sc_hd__clkbuf_16)
                  0.10    0.26   20.32 ^ clkbuf_0_clk/X (sky130_fd_sc_hd__clkbuf_16)
     4    0.04                           clknet_0_clk (net)
                  0.10    0.00   20.32 ^ clkbuf_2_0__f_clk/A (sky130_fd_sc_hd__clkbuf_16)
                  0.07    0.23   20.55 ^ clkbuf_2_0__f_clk/X (sky130_fd_sc_hd__clkbuf_16)
     9    0.03                           clknet_2_0__leaf_clk (net)
                  0.07    0.00   20.55 ^ _288_/CLK (sky130_fd_sc_hd__dfrtp_1)
                         -0.25   20.30   clock uncertainty
                          0.00   20.30   clock reconvergence pessimism
                         -0.27   20.04   library setup time
                                 20.04   data required time
-----------------------------------------------------------------------------
                                 20.04   data required time
                                 -7.99   data arrival time
-----------------------------------------------------------------------------
                                 12.05   slack (MET)



======================= Typical Corner ===================================

Startpoint: rst_n (input port clocked by clk)
Endpoint: _297_ (recovery check against rising-edge clock clk)
Path Group: asynchronous
Path Type: max
Corner: Typical

Fanout     Cap    Slew   Delay    Time   Description
-----------------------------------------------------------------------------
                          0.00    0.00   clock clk (rise edge)
                          0.00    0.00   clock network delay (propagated)
                          4.00    4.00 ^ input external delay
                  0.02    0.01    4.01 ^ rst_n (in)
     1    0.00                           rst_n (net)
                  0.02    0.00    4.01 ^ input1/A (sky130_fd_sc_hd__clkbuf_2)
                  0.13    0.16    4.17 ^ input1/X (sky130_fd_sc_hd__clkbuf_2)
     4    0.02                           net1 (net)
                  0.13    0.00    4.18 ^ fanout17/A (sky130_fd_sc_hd__clkbuf_4)
                  0.15    0.25    4.43 ^ fanout17/X (sky130_fd_sc_hd__clkbuf_4)
    10    0.05                           net17 (net)
                  0.15    0.00    4.43 ^ _297_/RESET_B (sky130_fd_sc_hd__dfrtp_4)
                                  4.43   data arrival time

                         20.00   20.00   clock clk (rise edge)
                          0.00   20.00   clock source latency
                  0.07    0.04   20.04 ^ clk (in)
     1    0.01                           clk (net)
                  0.07    0.00   20.04 ^ clkbuf_0_clk/A (sky130_fd_sc_hd__clkbuf_16)
                  0.06    0.14   20.19 ^ clkbuf_0_clk/X (sky130_fd_sc_hd__clkbuf_16)
     4    0.04                           clknet_0_clk (net)
                  0.06    0.00   20.19 ^ clkbuf_2_1__f_clk/A (sky130_fd_sc_hd__clkbuf_16)
                  0.05    0.13   20.32 ^ clkbuf_2_1__f_clk/X (sky130_fd_sc_hd__clkbuf_16)
    11    0.03                           clknet_2_1__leaf_clk (net)
                  0.05    0.00   20.32 ^ _297_/CLK (sky130_fd_sc_hd__dfrtp_4)
                         -0.25   20.07   clock uncertainty
                          0.00   20.07   clock reconvergence pessimism
                          0.19   20.26   library recovery time
                                 20.26   data required time
-----------------------------------------------------------------------------
                                 20.26   data required time
                                 -4.43   data arrival time
-----------------------------------------------------------------------------
                                 15.83   slack (MET)


Startpoint: _273_ (rising edge-triggered flip-flop clocked by clk)
Endpoint: tx (output port clocked by clk)
Path Group: clk
Path Type: max
Corner: Typical

Fanout     Cap    Slew   Delay    Time   Description
-----------------------------------------------------------------------------
                          0.00    0.00   clock clk (rise edge)
                          0.00    0.00   clock source latency
                  0.07    0.05    0.05 ^ clk (in)
     1    0.01                           clk (net)
                  0.07    0.00    0.05 ^ clkbuf_0_clk/A (sky130_fd_sc_hd__clkbuf_16)
                  0.06    0.16    0.21 ^ clkbuf_0_clk/X (sky130_fd_sc_hd__clkbuf_16)
     4    0.04                           clknet_0_clk (net)
                  0.06    0.00    0.21 ^ clkbuf_2_2__f_clk/A (sky130_fd_sc_hd__clkbuf_16)
                  0.04    0.14    0.35 ^ clkbuf_2_2__f_clk/X (sky130_fd_sc_hd__clkbuf_16)
     8    0.02                           clknet_2_2__leaf_clk (net)
                  0.04    0.00    0.35 ^ _273_/CLK (sky130_fd_sc_hd__dfrtp_2)
                  0.08    0.46    0.81 v _273_/Q (sky130_fd_sc_hd__dfrtp_2)
     5    0.02                           net12 (net)
                  0.08    0.00    0.81 v _130_/A (sky130_fd_sc_hd__clkbuf_4)
                  0.08    0.21    1.02 v _130_/X (sky130_fd_sc_hd__clkbuf_4)
    10    0.04                           _120_ (net)
                  0.08    0.00    1.02 v _132_/A (sky130_fd_sc_hd__nor2_1)
                  0.26    0.26    1.28 ^ _132_/Y (sky130_fd_sc_hd__nor2_1)
     3    0.01                           net14 (net)
                  0.26    0.00    1.28 ^ _142_/B1 (sky130_fd_sc_hd__o211ai_1)
                  0.12    0.17    1.45 v _142_/Y (sky130_fd_sc_hd__o211ai_1)
     1    0.01                           net13 (net)
                  0.12    0.00    1.45 v output13/A (sky130_fd_sc_hd__clkbuf_4)
                  0.08    0.23    1.68 v output13/X (sky130_fd_sc_hd__clkbuf_4)
     1    0.03                           tx (net)
                  0.08    0.00    1.68 v tx (out)
                                  1.68   data arrival time

                         20.00   20.00   clock clk (rise edge)
                          0.00   20.00   clock network delay (propagated)
                         -0.25   19.75   clock uncertainty
                          0.00   19.75   clock reconvergence pessimism
                         -4.00   15.75   output external delay
                                 15.75   data required time
-----------------------------------------------------------------------------
                                 15.75   data required time
                                 -1.68   data arrival time
-----------------------------------------------------------------------------
                                 14.07   slack (MET)




===========================================================================
report_checks --slack_max -0.01
============================================================================
======================= Fastest Corner ===================================

No paths found.

======================= Slowest Corner ===================================

No paths found.

======================= Typical Corner ===================================

No paths found.


===========================================================================
 report_check_types -max_slew -max_cap -max_fanout -violators
============================================================================
======================= Fastest Corner ===================================

max fanout

Pin                                   Limit Fanout  Slack
---------------------------------------------------------
clkbuf_2_1__f_clk/X                      10     11        (VIOLATED)


======================= Slowest Corner ===================================

max fanout

Pin                                   Limit Fanout  Slack
---------------------------------------------------------
clkbuf_2_1__f_clk/X                      10     11        (VIOLATED)


======================= Typical Corner ===================================

max fanout

Pin                                   Limit Fanout  Slack
---------------------------------------------------------
clkbuf_2_1__f_clk/X                      10     11        (VIOLATED)



===========================================================================
report_parasitic_annotation -report_unannotated
============================================================================
Found 0 unannotated drivers.
Found 0 partially unannotated drivers.

===========================================================================
max slew violation count 0
max fanout violation count 1
max cap violation count 0
============================================================================

===========================================================================
check_setup -verbose -unconstrained_endpoints -multiple_clock -no_clock -no_input_delay -loops -generated_clocks
===========================================================================
