
===========================================================================
 report_power
============================================================================
======================= Fastest Corner ===================================

Group                  Internal  Switching    Leakage      Total
                          Power      Power      Power      Power (Watts)
----------------------------------------------------------------
Sequential             1.15e-04   2.57e-05   1.17e-06   1.42e-04  41.9%
Combinational          1.18e-04   7.67e-05   1.58e-06   1.97e-04  58.1%
Macro                  0.00e+00   0.00e+00   0.00e+00   0.00e+00   0.0%
Pad                    0.00e+00   0.00e+00   0.00e+00   0.00e+00   0.0%
----------------------------------------------------------------
Total                  2.33e-04   1.02e-04   2.75e-06   3.38e-04 100.0%
                          68.9%      30.3%       0.8%

======================= Slowest Corner ===================================

Group                  Internal  Switching    Leakage      Total
                          Power      Power      Power      Power (Watts)
----------------------------------------------------------------
Sequential             7.39e-05   1.64e-05   7.06e-07   9.10e-05  41.8%
Combinational          7.70e-05   4.89e-05   8.41e-07   1.27e-04  58.2%
Macro                  0.00e+00   0.00e+00   0.00e+00   0.00e+00   0.0%
Pad                    0.00e+00   0.00e+00   0.00e+00   0.00e+00   0.0%
----------------------------------------------------------------
Total                  1.51e-04   6.53e-05   1.55e-06   2.18e-04 100.0%
                          69.3%      30.0%       0.7%

======================= Typical Corner ===================================

Group                  Internal  Switching    Leakage      Total
                          Power      Power      Power      Power (Watts)
----------------------------------------------------------------
Sequential             9.52e-05   2.11e-05   1.77e-07   1.16e-04  42.4%
Combinational          9.47e-05   6.32e-05   1.11e-09   1.58e-04  57.6%
Macro                  0.00e+00   0.00e+00   0.00e+00   0.00e+00   0.0%
Pad                    0.00e+00   0.00e+00   0.00e+00   0.00e+00   0.0%
----------------------------------------------------------------
Total                  1.90e-04   8.43e-05   1.78e-07   2.74e-04 100.0%
                          69.2%      30.7%       0.1%

