
61. Printing statistics.

=== uart_power_gating_with_idle_timer ===

   Number of wires:                174
   Number of wire bits:            181
   Number of public wires:          44
   Number of public wire bits:      51
   Number of memories:               0
   Number of memory bits:            0
   Number of processes:              0
   Number of cells:                169
     sky130_fd_sc_hd__a21o_2         8
     sky130_fd_sc_hd__a21oi_2        8
     sky130_fd_sc_hd__a22o_2         3
     sky130_fd_sc_hd__a2bb2o_2       1
     sky130_fd_sc_hd__a31o_2         2
     sky130_fd_sc_hd__a32o_2         9
     sky130_fd_sc_hd__and2_2         5
     sky130_fd_sc_hd__and2b_2        3
     sky130_fd_sc_hd__and3_2         3
     sky130_fd_sc_hd__and3b_2        2
     sky130_fd_sc_hd__and4_2         4
     sky130_fd_sc_hd__buf_1         14
     sky130_fd_sc_hd__dfrtp_2       37
     sky130_fd_sc_hd__inv_2          5
     sky130_fd_sc_hd__mux2_2        14
     sky130_fd_sc_hd__nand2_2        9
     sky130_fd_sc_hd__nand3_2        2
     sky130_fd_sc_hd__nand3b_2       1
     sky130_fd_sc_hd__nor2_2         8
     sky130_fd_sc_hd__nor2b_2        1
     sky130_fd_sc_hd__o211a_2        1
     sky130_fd_sc_hd__o211ai_2       1
     sky130_fd_sc_hd__o21a_2         4
     sky130_fd_sc_hd__o21ai_2        1
     sky130_fd_sc_hd__o21ba_2        1
     sky130_fd_sc_hd__o22a_2         1
     sky130_fd_sc_hd__or2_2          6
     sky130_fd_sc_hd__or2b_2         2
     sky130_fd_sc_hd__or3b_2         2
     sky130_fd_sc_hd__or4_2          1
     sky130_fd_sc_hd__or4b_2         3
     sky130_fd_sc_hd__or4bb_2        1
     sky130_fd_sc_hd__xnor2_2        4
     sky130_fd_sc_hd__xor2_2         2

   Chip area for module '\uart_power_gating_with_idle_timer': 2102.016000

