
===========================================================================
 report_power
============================================================================
======================= Fastest Corner ===================================

Group                  Internal  Switching    Leakage      Total
                          Power      Power      Power      Power (Watts)
----------------------------------------------------------------
Sequential             1.15e-04   2.64e-05   1.17e-06   1.42e-04  41.7%
Combinational          1.18e-04   7.88e-05   1.58e-06   1.99e-04  58.3%
Macro                  0.00e+00   0.00e+00   0.00e+00   0.00e+00   0.0%
Pad                    0.00e+00   0.00e+00   0.00e+00   0.00e+00   0.0%
----------------------------------------------------------------
Total                  2.33e-04   1.05e-04   2.75e-06   3.41e-04 100.0%
                          68.3%      30.8%       0.8%

======================= Slowest Corner ===================================

Group                  Internal  Switching    Leakage      Total
                          Power      Power      Power      Power (Watts)
----------------------------------------------------------------
Sequential             7.38e-05   1.69e-05   7.06e-07   9.14e-05  41.6%
Combinational          7.71e-05   5.03e-05   8.41e-07   1.28e-04  58.4%
Macro                  0.00e+00   0.00e+00   0.00e+00   0.00e+00   0.0%
Pad                    0.00e+00   0.00e+00   0.00e+00   0.00e+00   0.0%
----------------------------------------------------------------
Total                  1.51e-04   6.72e-05   1.55e-06   2.20e-04 100.0%
                          68.7%      30.6%       0.7%

======================= Typical Corner ===================================

Group                  Internal  Switching    Leakage      Total
                          Power      Power      Power      Power (Watts)
----------------------------------------------------------------
Sequential             9.51e-05   2.17e-05   1.77e-07   1.17e-04  42.3%
Combinational          9.48e-05   6.50e-05   1.11e-09   1.60e-04  57.7%
Macro                  0.00e+00   0.00e+00   0.00e+00   0.00e+00   0.0%
Pad                    0.00e+00   0.00e+00   0.00e+00   0.00e+00   0.0%
----------------------------------------------------------------
Total                  1.90e-04   8.67e-05   1.78e-07   2.77e-04 100.0%
                          68.6%      31.3%       0.1%

